[2026-01-31 11:33:14] [INFO] === Face Recognition Monitor Started ===
[2026-01-31 11:33:14] [INFO] Start Time: 08:16
[2026-01-31 11:33:14] [INFO] End Time: 08:18
[2026-01-31 11:33:14] [INFO] Worker Script: D:\RaihanFarid\Dokumen\faceRecog\ProjectKnowledgeBase\active\projects\maskRecog\patterns\scripts\1_magick\maskDetect.ps1
[2026-01-31 11:33:14] [INFO] Python Script: D:\RaihanFarid\Dokumen\faceRecog\ProjectKnowledgeBase\active\projects\maskRecog\patterns\algorithm\entry_multi-USED-Magick.py
[2026-01-31 11:33:14] [INFO] Testing email configuration...
[2026-01-31 11:33:14] [SUCCESS] Found 2 email recipient(s)
[2026-01-31 11:33:14] [INFO] Configured languages: Bahasa, English
[2026-01-31 11:33:14] [SUCCESS] Email credential file found and loaded successfully
[2026-01-31 11:33:14] [INFO] GMAIL CONFIGURATION NOTES:
[2026-01-31 11:33:14] [INFO] - Using SMTP: smtp.gmail.com:587
[2026-01-31 11:33:14] [INFO] - SSL Enabled: True
[2026-01-31 11:33:14] [INFO] - Make sure you're using an App Password, not your regular password
[2026-01-31 11:33:14] [INFO] - Gmail attachment limit: 25 MB total
[2026-01-31 11:33:14] [SUCCESS] Email configuration valid
[2026-01-31 11:33:14] [DEBUG] No PID tracking file found
[2026-01-31 11:33:14] [DEBUG] Check: 11:33:14 | Window: Inactive | Python: Stopped
[2026-01-31 11:33:17] [INFO] Cleaning up...
[2026-01-31 11:33:17] [INFO] === Face Recognition Monitor Stopped ===
[2026-01-31 11:33:26] [INFO] === Face Recognition Monitor Started ===
[2026-01-31 11:33:26] [INFO] Start Time: 08:16
[2026-01-31 11:33:26] [INFO] End Time: 11:35
[2026-01-31 11:33:26] [INFO] Worker Script: D:\RaihanFarid\Dokumen\faceRecog\ProjectKnowledgeBase\active\projects\maskRecog\patterns\scripts\1_magick\maskDetect.ps1
[2026-01-31 11:33:26] [INFO] Python Script: D:\RaihanFarid\Dokumen\faceRecog\ProjectKnowledgeBase\active\projects\maskRecog\patterns\algorithm\entry_multi-USED-Magick.py
[2026-01-31 11:33:26] [INFO] Testing email configuration...
[2026-01-31 11:33:26] [SUCCESS] Found 2 email recipient(s)
[2026-01-31 11:33:26] [INFO] Configured languages: Bahasa, English
[2026-01-31 11:33:26] [SUCCESS] Email credential file found and loaded successfully
[2026-01-31 11:33:26] [INFO] GMAIL CONFIGURATION NOTES:
[2026-01-31 11:33:26] [INFO] - Using SMTP: smtp.gmail.com:587
[2026-01-31 11:33:26] [INFO] - SSL Enabled: True
[2026-01-31 11:33:26] [INFO] - Make sure you're using an App Password, not your regular password
[2026-01-31 11:33:27] [INFO] - Gmail attachment limit: 25 MB total
[2026-01-31 11:33:27] [SUCCESS] Email configuration valid
[2026-01-31 11:33:27] [DEBUG] No PID tracking file found
[2026-01-31 11:33:27] [DEBUG] Check: 11:33:27 | Window: Active | Python: Stopped
[2026-01-31 11:33:27] [INFO] Time window active and no Python process running - starting worker...
[2026-01-31 11:33:27] [DEBUG] Searching for Python process...
[2026-01-31 11:33:28] [DEBUG] No Python process found matching criteria
[2026-01-31 11:33:28] [INFO] Starting face recognition worker process...
[2026-01-31 11:33:28] [SUCCESS] Worker process started (PID: 10632)
[2026-01-31 11:33:28] [INFO] Waiting for Python process to start...
[2026-01-31 11:33:28] [DEBUG] Searching for Python process...
[2026-01-31 11:33:28] [DEBUG] No Python process found matching criteria
[2026-01-31 11:33:30] [DEBUG] Searching for Python process...
[2026-01-31 11:33:30] [SUCCESS] Found Python process with our script: PID=26176
[2026-01-31 11:33:30] [SUCCESS] Python process found (PID: 26176)
[2026-01-31 11:33:30] [DEBUG] PID tracking saved: WorkerPID=10632, PythonPID=26176
[2026-01-31 11:33:30] [SUCCESS] Worker started. Monitoring Python process...
[2026-01-31 11:33:30] [DEBUG] PID tracking saved: WorkerPID=10632, PythonPID=26176
[2026-01-31 11:33:40] [INFO] Cleaning up...
[2026-01-31 11:33:40] [INFO] Stopping Python process (PID: 26176)...
[2026-01-31 11:33:42] [SUCCESS] Python process exited gracefully
[2026-01-31 11:33:42] [INFO] Stopping worker process (PID: 10632)...
[2026-01-31 11:33:42] [ERROR] Error stopping worker process: Cannot find a process with the process identifier 10632.
[2026-01-31 11:33:42] [DEBUG] Removed PID tracking file
[2026-01-31 11:33:42] [INFO] Stopped processes: Python
[2026-01-31 11:33:42] [INFO] === Face Recognition Monitor Stopped ===
