[2026-01-29 11:45:02] [INFO] === Face Recognition Monitor Started ===
[2026-01-29 11:45:02] [INFO] Start Time: 11:45
[2026-01-29 11:45:02] [INFO] End Time: 11:48
[2026-01-29 11:45:02] [INFO] Worker Script: D:\RaihanFarid\Dokumen\exp-magick\maskDetect.ps1
[2026-01-29 11:45:02] [INFO] Runs Base Path: D:\RaihanFarid\Dokumen\faceRecog\process-run
[2026-01-29 11:45:02] [INFO] Worker Start Delay: 10 seconds
[2026-01-29 11:45:02] [INFO] Worker status changed: Stopped
[2026-01-29 11:45:02] [DEBUG] Check: 11:45 | Worker: Stopped | Window: Active
[2026-01-29 11:45:02] [INFO] Time window active - starting face recognition worker...
[2026-01-29 11:45:02] [INFO] Starting face recognition worker process...
[2026-01-29 11:45:02] [SUCCESS] Worker process started successfully (PID: 11900)
[2026-01-29 11:45:02] [DEBUG] Waiting 10 seconds for worker to initialize...
[2026-01-29 11:45:13] [SUCCESS] Worker process confirmed running
[2026-01-29 11:45:13] [SUCCESS] Worker started successfully. Monitoring progress...
[2026-01-29 11:45:18] [DEBUG] Check: 11:45 | Worker: Stopped | Window: Active
[2026-01-29 11:45:18] [INFO] Time window active - starting face recognition worker...
[2026-01-29 11:45:18] [INFO] Starting face recognition worker process...
[2026-01-29 11:45:18] [SUCCESS] Worker process started successfully (PID: 13688)
[2026-01-29 11:45:18] [DEBUG] Waiting 10 seconds for worker to initialize...
[2026-01-29 11:45:28] [SUCCESS] Worker process confirmed running
[2026-01-29 11:45:28] [SUCCESS] Worker started successfully. Monitoring progress...
[2026-01-29 11:45:33] [DEBUG] Check: 11:45 | Worker: Stopped | Window: Active
[2026-01-29 11:45:33] [INFO] Time window active - starting face recognition worker...
[2026-01-29 11:45:33] [INFO] Starting face recognition worker process...
[2026-01-29 11:45:33] [SUCCESS] Worker process started successfully (PID: 28592)
[2026-01-29 11:45:33] [DEBUG] Waiting 10 seconds for worker to initialize...
[2026-01-29 11:45:43] [SUCCESS] Worker process confirmed running
[2026-01-29 11:45:43] [SUCCESS] Worker started successfully. Monitoring progress...
[2026-01-29 11:45:48] [DEBUG] Check: 11:45 | Worker: Stopped | Window: Active
[2026-01-29 11:45:48] [INFO] Time window active - starting face recognition worker...
[2026-01-29 11:45:48] [INFO] Starting face recognition worker process...
[2026-01-29 11:45:48] [SUCCESS] Worker process started successfully (PID: 32912)
[2026-01-29 11:45:48] [DEBUG] Waiting 10 seconds for worker to initialize...
[2026-01-29 11:45:49] [INFO] Cleaning up...
[2026-01-29 11:45:49] [INFO] === Face Recognition Monitor Stopped ===
