==================================================
RUN STARTED: 2026-01-26 08:22:56
Run Folder: A:\SCMA\3-APD\Recognition-0\faceRecog\process-run\Run_Process_Laptop_2026-01-26_08-22-56
PowerShell Script: process-run-0.ps1
Virtual Environment: A:\SCMA\3-APD\Recognition-0\faceRecog\.venv
Python Script: A:\SCMA\3-APD\Recognition-0\faceRecog\run_py\modular\entry_multi-USED-Laptop.py
Arguments: --multi-source
Number of arguments: 1
==================================================

Execution started at: 2026-01-26 08:22:57
"A:\SCMA\3-APD\Recognition-0\faceRecog\.venv\Scripts\python.exe" "A:\SCMA\3-APD\Recognition-0\faceRecog\run_py\modular\entry_multi-USED-Laptop.py" --multi-source


==================================================
EXECUTION SUMMARY
==================================================
PowerShell Script: process-run-0.ps1
Exit code: 0
Start time: 2026-01-26 08:22:57
End time: 2026-01-26 08:52:55
Duration: 00:29:58
Arguments passed to Python script:
  [0]: -
Python script created folders:
  - A:\SCMA\3-APD\Recognition-0\faceRecog\process-run\Run_Process_Laptop_2026-01-26_08-22-56\script_output\multi_source_20260126_082452_Local-Camera-0_images
