[2026-02-09 15:45:45] [INFO] Starting email system stabilization...
[2026-02-09 15:45:45] [INFO] Step 1: Fixing Export-ModuleMember error...
[2026-02-09 15:45:45] [INFO] Fixing email sender module error...
[2026-02-09 15:45:45] [ERROR] Email sender script not found: D:\RaihanFarid\Dokumen\faceRecog\ProjectKnowledgeBase\active\projects\maskRecog\patterns\scripts\1_magick\1_email-sender.ps1
[2026-02-09 15:45:45] [WARN] ⚠ Could not fix original email sender
[2026-02-09 15:45:45] [INFO] 
Step 2: Creating stable email sender...
[2026-02-09 15:45:45] [INFO] Creating stable email sender implementation...
[2026-02-09 15:45:45] [SUCCESS] Created stable email sender: D:\RaihanFarid\Dokumen\faceRecog\ProjectKnowledgeBase\active\projects\maskRecog\patterns\scripts\1_magick\1_email-sender-stable.ps1
[2026-02-09 15:45:45] [SUCCESS] ✓ Created stable email sender
[2026-02-09 15:45:45] [INFO] 
Step 3: Fixing run after validation...
[2026-02-09 15:45:45] [INFO] Fixing run after validation script...
[2026-02-09 15:45:45] [SUCCESS] Fixed run after validation script
[2026-02-09 15:45:45] [SUCCESS] ✓ Fixed run after validation
[2026-02-09 15:45:45] [INFO] 
Step 4: Fixing monitor integration...
[2026-02-09 15:45:45] [INFO] Fixing monitor email integration...
[2026-02-09 15:45:45] [SUCCESS] Fixed monitor email integration
[2026-02-09 15:45:45] [SUCCESS] ✓ Fixed monitor email integration
[2026-02-09 15:45:45] [INFO] 
Step 5: Creating validation script...
[2026-02-09 15:45:45] [INFO] Creating email validation script...
[2026-02-09 15:45:46] [SUCCESS] Created email validation script: D:\RaihanFarid\Dokumen\faceRecog\ProjectKnowledgeBase\active\projects\maskRecog\patterns\scripts\1_magick\validate_email_system.ps1
[2026-02-09 15:45:46] [SUCCESS] ✓ Created email validation script
[2026-02-09 15:45:46] [INFO] 
Step 6: Creating setup script...
[2026-02-09 15:45:46] [INFO] Creating email setup script...
[2026-02-09 15:45:46] [SUCCESS] Created email setup script: D:\RaihanFarid\Dokumen\faceRecog\ProjectKnowledgeBase\active\projects\maskRecog\patterns\scripts\1_magick\setup_email_credentials.ps1
[2026-02-09 15:45:46] [SUCCESS] ✓ Created email setup script
[2026-02-09 15:45:46] [INFO] 
Step 7: Testing fixes...
[2026-02-09 15:45:46] [SUCCESS] ✓ Stable email sender loads successfully
[2026-02-09 15:45:46] [SUCCESS] ✓ Common paths integration works
[2026-02-09 15:45:46] [INFO] Created quick test script: D:\RaihanFarid\Dokumen\faceRecog\ProjectKnowledgeBase\active\projects\maskRecog\patterns\scripts\1_magick\quick_email_test.ps1
[2026-02-09 15:53:14] [INFO] Starting email system stabilization...
[2026-02-09 15:53:14] [INFO] Step 1: Fixing Export-ModuleMember error...
[2026-02-09 15:53:14] [INFO] Fixing email sender module error...
[2026-02-09 15:53:14] [ERROR] Email sender script not found: D:\RaihanFarid\Dokumen\faceRecog\ProjectKnowledgeBase\active\projects\maskRecog\patterns\scripts\1_magick\1_email-sender.ps1
[2026-02-09 15:53:14] [WARN] ⚠ Could not fix original email sender
[2026-02-09 15:53:14] [INFO] 
Step 2: Creating stable email sender...
[2026-02-09 15:53:14] [INFO] Creating stable email sender implementation...
[2026-02-09 15:53:14] [SUCCESS] Created stable email sender: D:\RaihanFarid\Dokumen\faceRecog\ProjectKnowledgeBase\active\projects\maskRecog\patterns\scripts\1_magick\1_email-sender-stable.ps1
[2026-02-09 15:53:14] [SUCCESS] ✓ Created stable email sender
[2026-02-09 15:53:14] [INFO] 
Step 3: Fixing run after validation...
[2026-02-09 15:53:14] [INFO] Fixing run after validation script...
[2026-02-09 15:53:14] [SUCCESS] Fixed run after validation script
[2026-02-09 15:53:14] [SUCCESS] ✓ Fixed run after validation
[2026-02-09 15:53:14] [INFO] 
Step 4: Fixing monitor integration...
[2026-02-09 15:53:14] [INFO] Fixing monitor email integration...
[2026-02-09 15:53:14] [SUCCESS] Fixed monitor email integration
[2026-02-09 15:53:14] [SUCCESS] ✓ Fixed monitor email integration
[2026-02-09 15:53:14] [INFO] 
Step 5: Creating validation script...
[2026-02-09 15:53:14] [INFO] Creating email validation script...
[2026-02-09 15:53:14] [SUCCESS] Created email validation script: D:\RaihanFarid\Dokumen\faceRecog\ProjectKnowledgeBase\active\projects\maskRecog\patterns\scripts\1_magick\validate_email_system.ps1
[2026-02-09 15:53:14] [SUCCESS] ✓ Created email validation script
[2026-02-09 15:53:14] [INFO] 
Step 6: Creating setup script...
[2026-02-09 15:53:14] [INFO] Creating email setup script...
[2026-02-09 15:53:14] [SUCCESS] Created email setup script: D:\RaihanFarid\Dokumen\faceRecog\ProjectKnowledgeBase\active\projects\maskRecog\patterns\scripts\1_magick\setup_email_credentials.ps1
[2026-02-09 15:53:14] [SUCCESS] ✓ Created email setup script
[2026-02-09 15:53:14] [INFO] 
Step 7: Testing fixes...
[2026-02-09 15:53:14] [SUCCESS] ✓ Stable email sender loads successfully
[2026-02-09 15:53:14] [SUCCESS] ✓ Common paths integration works
[2026-02-09 15:53:14] [INFO] Created quick test script: D:\RaihanFarid\Dokumen\faceRecog\ProjectKnowledgeBase\active\projects\maskRecog\patterns\scripts\1_magick\quick_email_test.ps1
[2026-02-09 15:58:20] [INFO] Starting email system stabilization...
[2026-02-09 15:58:20] [INFO] Step 1: Fixing Export-ModuleMember error...
[2026-02-09 15:58:20] [INFO] Fixing email sender module error...
[2026-02-09 15:58:20] [ERROR] Email sender script not found: D:\RaihanFarid\Dokumen\faceRecog\ProjectKnowledgeBase\active\projects\maskRecog\patterns\scripts\1_magick\1_email-sender.ps1
[2026-02-09 15:58:20] [WARN] ⚠ Could not fix original email sender
[2026-02-09 15:58:20] [INFO] 
Step 2: Creating stable email sender...
[2026-02-09 15:58:20] [INFO] Creating stable email sender implementation...
[2026-02-09 15:58:20] [SUCCESS] Created stable email sender: D:\RaihanFarid\Dokumen\faceRecog\ProjectKnowledgeBase\active\projects\maskRecog\patterns\scripts\1_magick\1_email-sender-stable.ps1
[2026-02-09 15:58:20] [SUCCESS] ✓ Created stable email sender
[2026-02-09 15:58:20] [INFO] 
Step 3: Fixing run after validation...
[2026-02-09 15:58:20] [INFO] Fixing run after validation script...
[2026-02-09 15:58:20] [SUCCESS] Fixed run after validation script
[2026-02-09 15:58:20] [SUCCESS] ✓ Fixed run after validation
[2026-02-09 15:58:20] [INFO] 
Step 4: Fixing monitor integration...
[2026-02-09 15:58:20] [INFO] Fixing monitor email integration...
[2026-02-09 15:58:20] [SUCCESS] Fixed monitor email integration
[2026-02-09 15:58:20] [SUCCESS] ✓ Fixed monitor email integration
[2026-02-09 15:58:20] [INFO] 
Step 5: Creating validation script...
[2026-02-09 15:58:20] [INFO] Creating email validation script...
[2026-02-09 15:58:20] [SUCCESS] Created email validation script: D:\RaihanFarid\Dokumen\faceRecog\ProjectKnowledgeBase\active\projects\maskRecog\patterns\scripts\1_magick\validate_email_system.ps1
[2026-02-09 15:58:20] [SUCCESS] ✓ Created email validation script
[2026-02-09 15:58:20] [INFO] 
Step 6: Creating setup script...
[2026-02-09 15:58:20] [INFO] Creating email setup script...
[2026-02-09 15:58:20] [SUCCESS] Created email setup script: D:\RaihanFarid\Dokumen\faceRecog\ProjectKnowledgeBase\active\projects\maskRecog\patterns\scripts\1_magick\setup_email_credentials.ps1
[2026-02-09 15:58:20] [SUCCESS] ✓ Created email setup script
[2026-02-09 15:58:20] [INFO] 
Step 7: Testing fixes...
[2026-02-09 15:58:20] [SUCCESS] ✓ Stable email sender loads successfully
[2026-02-09 15:58:20] [SUCCESS] ✓ Common paths integration works
[2026-02-09 15:58:20] [INFO] Created quick test script: D:\RaihanFarid\Dokumen\faceRecog\ProjectKnowledgeBase\active\projects\maskRecog\patterns\scripts\1_magick\quick_email_test.ps1
[2026-02-09 15:58:30] [INFO] Starting email system stabilization...
[2026-02-09 15:58:30] [INFO] Step 1: Fixing Export-ModuleMember error...
[2026-02-09 15:58:30] [INFO] Fixing email sender module error...
[2026-02-09 15:58:30] [ERROR] Email sender script not found: D:\RaihanFarid\Dokumen\faceRecog\ProjectKnowledgeBase\active\projects\maskRecog\patterns\scripts\1_magick\1_email-sender.ps1
[2026-02-09 15:58:30] [WARN] ⚠ Could not fix original email sender
[2026-02-09 15:58:30] [INFO] 
Step 2: Creating stable email sender...
[2026-02-09 15:58:30] [INFO] Creating stable email sender implementation...
[2026-02-09 15:58:30] [SUCCESS] Created stable email sender: D:\RaihanFarid\Dokumen\faceRecog\ProjectKnowledgeBase\active\projects\maskRecog\patterns\scripts\1_magick\1_email-sender-stable.ps1
[2026-02-09 15:58:30] [SUCCESS] ✓ Created stable email sender
[2026-02-09 15:58:30] [INFO] 
Step 3: Fixing run after validation...
[2026-02-09 15:58:30] [INFO] Fixing run after validation script...
[2026-02-09 15:58:30] [SUCCESS] Fixed run after validation script
[2026-02-09 15:58:30] [SUCCESS] ✓ Fixed run after validation
[2026-02-09 15:58:30] [INFO] 
Step 4: Fixing monitor integration...
[2026-02-09 15:58:30] [INFO] Fixing monitor email integration...
[2026-02-09 15:58:30] [SUCCESS] Fixed monitor email integration
[2026-02-09 15:58:31] [SUCCESS] ✓ Fixed monitor email integration
[2026-02-09 15:58:31] [INFO] 
Step 5: Creating validation script...
[2026-02-09 15:58:31] [INFO] Creating email validation script...
[2026-02-09 15:58:31] [SUCCESS] Created email validation script: D:\RaihanFarid\Dokumen\faceRecog\ProjectKnowledgeBase\active\projects\maskRecog\patterns\scripts\1_magick\validate_email_system.ps1
[2026-02-09 15:58:31] [SUCCESS] ✓ Created email validation script
[2026-02-09 15:58:31] [INFO] 
Step 6: Creating setup script...
[2026-02-09 15:58:31] [INFO] Creating email setup script...
[2026-02-09 15:58:31] [SUCCESS] Created email setup script: D:\RaihanFarid\Dokumen\faceRecog\ProjectKnowledgeBase\active\projects\maskRecog\patterns\scripts\1_magick\setup_email_credentials.ps1
[2026-02-09 15:58:31] [SUCCESS] ✓ Created email setup script
[2026-02-09 15:58:31] [INFO] 
Step 7: Testing fixes...
[2026-02-09 15:58:31] [SUCCESS] ✓ Stable email sender loads successfully
[2026-02-09 15:58:31] [SUCCESS] ✓ Common paths integration works
[2026-02-09 15:58:31] [INFO] Created quick test script: D:\RaihanFarid\Dokumen\faceRecog\ProjectKnowledgeBase\active\projects\maskRecog\patterns\scripts\1_magick\quick_email_test.ps1
[2026-02-09 15:59:17] [INFO] Starting email system stabilization...
[2026-02-09 15:59:17] [INFO] Step 1: Fixing Export-ModuleMember error...
[2026-02-09 15:59:17] [INFO] Fixing email sender module error...
[2026-02-09 15:59:17] [SUCCESS] Fixed Export-ModuleMember error in email sender
[2026-02-09 15:59:17] [SUCCESS] ✓ Fixed original email sender
[2026-02-09 15:59:17] [INFO] 
Step 2: Creating stable email sender...
[2026-02-09 15:59:17] [INFO] Creating stable email sender implementation...
[2026-02-09 15:59:17] [SUCCESS] Created stable email sender: D:\RaihanFarid\Dokumen\faceRecog\ProjectKnowledgeBase\active\projects\maskRecog\patterns\scripts\1_magick\1_email-sender-stable.ps1
[2026-02-09 15:59:17] [SUCCESS] ✓ Created stable email sender
[2026-02-09 15:59:17] [INFO] 
Step 3: Fixing run after validation...
[2026-02-09 15:59:17] [INFO] Fixing run after validation script...
[2026-02-09 15:59:17] [SUCCESS] Fixed run after validation script
[2026-02-09 15:59:17] [SUCCESS] ✓ Fixed run after validation
[2026-02-09 15:59:17] [INFO] 
Step 4: Fixing monitor integration...
[2026-02-09 15:59:17] [INFO] Fixing monitor email integration...
[2026-02-09 15:59:17] [SUCCESS] Fixed monitor email integration
[2026-02-09 15:59:17] [SUCCESS] ✓ Fixed monitor email integration
[2026-02-09 15:59:17] [INFO] 
Step 5: Creating validation script...
[2026-02-09 15:59:17] [INFO] Creating email validation script...
[2026-02-09 15:59:17] [SUCCESS] Created email validation script: D:\RaihanFarid\Dokumen\faceRecog\ProjectKnowledgeBase\active\projects\maskRecog\patterns\scripts\1_magick\validate_email_system.ps1
[2026-02-09 15:59:17] [SUCCESS] ✓ Created email validation script
[2026-02-09 15:59:17] [INFO] 
Step 6: Creating setup script...
[2026-02-09 15:59:17] [INFO] Creating email setup script...
[2026-02-09 15:59:17] [SUCCESS] Created email setup script: D:\RaihanFarid\Dokumen\faceRecog\ProjectKnowledgeBase\active\projects\maskRecog\patterns\scripts\1_magick\setup_email_credentials.ps1
[2026-02-09 15:59:18] [SUCCESS] ✓ Created email setup script
[2026-02-09 15:59:18] [INFO] 
Step 7: Testing fixes...
[2026-02-09 15:59:18] [SUCCESS] ✓ Stable email sender loads successfully
[2026-02-09 15:59:18] [SUCCESS] ✓ Common paths integration works
[2026-02-09 15:59:18] [INFO] Created quick test script: D:\RaihanFarid\Dokumen\faceRecog\ProjectKnowledgeBase\active\projects\maskRecog\patterns\scripts\1_magick\quick_email_test.ps1
[2026-02-09 16:00:48] [INFO] Starting email system stabilization...
[2026-02-09 16:00:48] [INFO] Step 1: Fixing Export-ModuleMember error...
[2026-02-09 16:00:48] [INFO] Fixing email sender module error...
[2026-02-09 16:00:48] [SUCCESS] Fixed Export-ModuleMember error in email sender
[2026-02-09 16:00:48] [SUCCESS] ✓ Fixed original email sender
[2026-02-09 16:00:48] [INFO] 
Step 2: Creating stable email sender...
[2026-02-09 16:00:48] [INFO] Creating stable email sender implementation...
[2026-02-09 16:00:48] [SUCCESS] Created stable email sender: D:\RaihanFarid\Dokumen\faceRecog\ProjectKnowledgeBase\active\projects\maskRecog\patterns\scripts\1_magick\1_email-sender-stable.ps1
[2026-02-09 16:00:48] [SUCCESS] ✓ Created stable email sender
[2026-02-09 16:00:48] [INFO] 
Step 3: Fixing run after validation...
[2026-02-09 16:00:48] [INFO] Fixing run after validation script...
[2026-02-09 16:00:48] [SUCCESS] Fixed run after validation script
[2026-02-09 16:00:48] [SUCCESS] ✓ Fixed run after validation
[2026-02-09 16:00:48] [INFO] 
Step 4: Fixing monitor integration...
[2026-02-09 16:00:48] [INFO] Fixing monitor email integration...
[2026-02-09 16:00:48] [SUCCESS] Fixed monitor email integration
[2026-02-09 16:00:48] [SUCCESS] ✓ Fixed monitor email integration
[2026-02-09 16:00:48] [INFO] 
Step 5: Creating validation script...
[2026-02-09 16:00:48] [INFO] Creating email validation script...
[2026-02-09 16:00:49] [SUCCESS] Created email validation script: D:\RaihanFarid\Dokumen\faceRecog\ProjectKnowledgeBase\active\projects\maskRecog\patterns\scripts\1_magick\validate_email_system.ps1
[2026-02-09 16:00:49] [SUCCESS] ✓ Created email validation script
[2026-02-09 16:00:49] [INFO] 
Step 6: Creating setup script...
[2026-02-09 16:00:49] [INFO] Creating email setup script...
[2026-02-09 16:00:49] [SUCCESS] Created email setup script: D:\RaihanFarid\Dokumen\faceRecog\ProjectKnowledgeBase\active\projects\maskRecog\patterns\scripts\1_magick\setup_email_credentials.ps1
[2026-02-09 16:00:49] [SUCCESS] ✓ Created email setup script
[2026-02-09 16:00:49] [INFO] 
Step 7: Testing fixes...
[2026-02-09 16:00:49] [SUCCESS] ✓ Stable email sender loads successfully
[2026-02-09 16:00:49] [SUCCESS] ✓ Common paths integration works
[2026-02-09 16:00:49] [INFO] Created quick test script: D:\RaihanFarid\Dokumen\faceRecog\ProjectKnowledgeBase\active\projects\maskRecog\patterns\scripts\1_magick\quick_email_test.ps1
