==================================================
RUN STARTED: 2026-01-31 11:05:30
Run Folder: D:\RaihanFarid\Dokumen\faceRecog\ProjectKnowledgeBase\active\logs-running\magick\Magick_Process_MaskDetect_2026-01-31_11-05-30
PowerShell Script: maskDetect.ps1
Virtual Environment: D:\RaihanFarid\Dokumen\faceRecog\.venv
Python Script: D:\RaihanFarid\Dokumen\faceRecog\ProjectKnowledgeBase\active\patterns\algorithm\entry_multi-USED-Magick.py
Arguments: --multi-source
Number of arguments: 1
==================================================

Execution started at: 2026-01-31 11:05:30
"D:\RaihanFarid\Dokumen\faceRecog\.venv\Scripts\python.exe" "D:\RaihanFarid\Dokumen\faceRecog\ProjectKnowledgeBase\active\patterns\algorithm\entry_multi-USED-Magick.py" --multi-source


==================================================
EXECUTION SUMMARY
==================================================
PowerShell Script: maskDetect.ps1
Exit code: 2
Start time: 2026-01-31 11:05:30
End time: 2026-01-31 11:05:30
Duration: 00:00:00
Arguments passed to Python script:
  [0]: -
No new folders were created by Python script in: D:\RaihanFarid\Dokumen\faceRecog\ProjectKnowledgeBase\active\logs-running\magick\Magick_Process_MaskDetect_2026-01-31_11-05-30\script_output
