==================================================
RUN STARTED: 2026-01-24 11:16:28
Run Folder: A:\SCMA\3-APD\Recognition-0\faceRecog\process-run\Run_Process_Laptop_2026-01-24_11-16-27
PowerShell Script: process-run-0.ps1
Virtual Environment: A:\SCMA\3-APD\Recognition-0\faceRecog\.venv
Python Script: A:\SCMA\3-APD\Recognition-0\faceRecog\run_py\modular\entry_multi-USED-Laptop.py
Arguments: --multi-source
Number of arguments: 1
==================================================

Execution started at: 2026-01-24 11:16:28
"A:\SCMA\3-APD\Recognition-0\faceRecog\.venv\Scripts\python.exe" "A:\SCMA\3-APD\Recognition-0\faceRecog\run_py\modular\entry_multi-USED-Laptop.py" --multi-source


==================================================
EXECUTION SUMMARY
==================================================
PowerShell Script: process-run-0.ps1
Exit code: 1
Start time: 2026-01-24 11:16:28
End time: 2026-01-24 11:19:21
Duration: 00:02:53
Arguments passed to Python script:
  [0]: -
No new folders were created by Python script in: A:\SCMA\3-APD\Recognition-0\faceRecog\process-run\Run_Process_Laptop_2026-01-24_11-16-27\script_output
